21:59:21 **** Incremental Build of configuration Debug for project TEST BLINKY ****
make -j12 all 
arm-none-eabi-gcc "../Core/Src/main.c" -mcpu=cortex-m3 -std=gnu11 -g3 -DDEBUG -DUSE_HAL_DRIVER -DSTM32F103xB -c -I../Core/Inc -I../Drivers/STM32F1xx_HAL_Driver/Inc/Legacy -I../Drivers/STM32F1xx_HAL_Driver/Inc -I../Drivers/CMSIS/Device/ST/STM32F1xx/Include -I../Drivers/CMSIS/Include -O0 -ffunction-sections -fdata-sections -Wall -fstack-usage -fcyclomatic-complexity -MMD -MP -MF"Core/Src/main.d" -MT"Core/Src/main.o" --specs=nano.specs -mfloat-abi=soft -mthumb -o "Core/Src/main.o"
arm-none-eabi-gcc -o "TEST BLINKY.elf" @"objects.list"   -mcpu=cortex-m3 -T"C:\Users\Preston\STM32CubeIDE\TEST BLINKY\TEST BLINKY\STM32F103C8TX_FLASH.ld" --specs=nosys.specs -Wl,-Map="TEST BLINKY.map" -Wl,--gc-sections -static --specs=nano.specs -mfloat-abi=soft -mthumb -Wl,--start-group -lc -lm -Wl,--end-group
Finished building target: TEST BLINKY.elf
 
arm-none-eabi-size  TEST\ BLINKY.elf 
arm-none-eabi-objdump -h -S TEST\ BLINKY.elf  > "TEST BLINKY.list"
   text	   data	    bss	    dec	    hex	filename
   4632	     12	   1572	   6216	   1848	TEST BLINKY.elf
Finished building: default.size.stdout
 
Finished building: TEST BLINKY.list
 
21:59:28 **** Incremental Build of configuration Debug for project TEST BLINKY ****
make -j12 all 
arm-none-eabi-size  TEST\ BLINKY.elf 
   text	   data	    bss	    dec	    hex	filename
   4632	     12	   1572	   6216	   1848	TEST BLINKY.elf
Finished building: default.size.stdout
 
22:04:10 **** Incremental Build of configuration Debug for project TEST BLINKY ****
make -j12 all 
arm-none-eabi-gcc "../Core/Src/main.c" -mcpu=cortex-m3 -std=gnu11 -g3 -DDEBUG -DUSE_HAL_DRIVER -DSTM32F103xB -c -I../Core/Inc -I../Drivers/STM32F1xx_HAL_Driver/Inc/Legacy -I../Drivers/STM32F1xx_HAL_Driver/Inc -I../Drivers/CMSIS/Device/ST/STM32F1xx/Include -I../Drivers/CMSIS/Include -O0 -ffunction-sections -fdata-sections -Wall -fstack-usage -fcyclomatic-complexity -MMD -MP -MF"Core/Src/main.d" -MT"Core/Src/main.o" --specs=nano.specs -mfloat-abi=soft -mthumb -o "Core/Src/main.o"
arm-none-eabi-gcc -o "TEST BLINKY.elf" @"objects.list"   -mcpu=cortex-m3 -T"C:\Users\Preston\STM32CubeIDE\TEST BLINKY\TEST BLINKY\STM32F103C8TX_FLASH.ld" --specs=nosys.specs -Wl,-Map="TEST BLINKY.map" -Wl,--gc-sections -static --specs=nano.specs -mfloat-abi=soft -mthumb -Wl,--start-group -lc -lm -Wl,--end-group
Finished building target: TEST BLINKY.elf
 
arm-none-eabi-size  TEST\ BLINKY.elf 
arm-none-eabi-objdump -h -S TEST\ BLINKY.elf  > "TEST BLINKY.list"
   text	   data	    bss	    dec	    hex	filename
   4632	     12	   1572	   6216	   1848	TEST BLINKY.elf
Finished building: default.size.stdout
 
Finished building: TEST BLINKY.list
 
